// Vitest Snapshot v1, https://vitest.dev/guide/snapshot.html

exports[`ComponentA > snapshots > should render properly 1`] = `
<div
  class="tv-p-4 tv-rounded-lg tv-bg-green-500 tv-w-fit"
>
  tvcomponent.componenta.title
</div>
`;
